###############################################################################
#
# IAR ELF Linker V8.30.2.160/W32 for ARM                  05/Jun/2021  00:24:11
# Copyright 2007-2018 IAR Systems AB.
#
#    Output file  =  
#        E:\Code\Pega_SmartBike\Project\Debug\Exe\Pega_SmartBike.out
#    Map file     =  
#        E:\Code\Pega_SmartBike\Project\Debug\List\Pega_SmartBike.map
#    Command line =  
#        -f C:\Users\Tuan\AppData\Local\Temp\EW1D46.tmp
#        (E:\Code\Pega_SmartBike\Project\Debug\Obj\adc.o
#        E:\Code\Pega_SmartBike\Project\Debug\Obj\BT966.o
#        E:\Code\Pega_SmartBike\Project\Debug\Obj\CH430.o
#        E:\Code\Pega_SmartBike\Project\Debug\Obj\clock.o
#        E:\Code\Pega_SmartBike\Project\Debug\Obj\debug.o
#        E:\Code\Pega_SmartBike\Project\Debug\Obj\delay.o
#        E:\Code\Pega_SmartBike\Project\Debug\Obj\GPS.o
#        E:\Code\Pega_SmartBike\Project\Debug\Obj\i2c.o
#        E:\Code\Pega_SmartBike\Project\Debug\Obj\lcd.o
#        E:\Code\Pega_SmartBike\Project\Debug\Obj\main.o
#        E:\Code\Pega_SmartBike\Project\Debug\Obj\misc.o
#        E:\Code\Pega_SmartBike\Project\Debug\Obj\nvic.o
#        E:\Code\Pega_SmartBike\Project\Debug\Obj\queue.o
#        E:\Code\Pega_SmartBike\Project\Debug\Obj\spi.o
#        E:\Code\Pega_SmartBike\Project\Debug\Obj\startup_stm32f10x_md.o
#        E:\Code\Pega_SmartBike\Project\Debug\Obj\stm32f10x_adc.o
#        E:\Code\Pega_SmartBike\Project\Debug\Obj\stm32f10x_bkp.o
#        E:\Code\Pega_SmartBike\Project\Debug\Obj\stm32f10x_can.o
#        E:\Code\Pega_SmartBike\Project\Debug\Obj\stm32f10x_cec.o
#        E:\Code\Pega_SmartBike\Project\Debug\Obj\stm32f10x_crc.o
#        E:\Code\Pega_SmartBike\Project\Debug\Obj\stm32f10x_dac.o
#        E:\Code\Pega_SmartBike\Project\Debug\Obj\stm32f10x_dbgmcu.o
#        E:\Code\Pega_SmartBike\Project\Debug\Obj\stm32f10x_dma.o
#        E:\Code\Pega_SmartBike\Project\Debug\Obj\stm32f10x_exti.o
#        E:\Code\Pega_SmartBike\Project\Debug\Obj\stm32f10x_flash.o
#        E:\Code\Pega_SmartBike\Project\Debug\Obj\stm32f10x_fsmc.o
#        E:\Code\Pega_SmartBike\Project\Debug\Obj\stm32f10x_gpio.o
#        E:\Code\Pega_SmartBike\Project\Debug\Obj\stm32f10x_i2c.o
#        E:\Code\Pega_SmartBike\Project\Debug\Obj\stm32f10x_iwdg.o
#        E:\Code\Pega_SmartBike\Project\Debug\Obj\stm32f10x_pwr.o
#        E:\Code\Pega_SmartBike\Project\Debug\Obj\stm32f10x_rcc.o
#        E:\Code\Pega_SmartBike\Project\Debug\Obj\stm32f10x_rtc.o
#        E:\Code\Pega_SmartBike\Project\Debug\Obj\stm32f10x_sdio.o
#        E:\Code\Pega_SmartBike\Project\Debug\Obj\stm32f10x_spi.o
#        E:\Code\Pega_SmartBike\Project\Debug\Obj\stm32f10x_tim.o
#        E:\Code\Pega_SmartBike\Project\Debug\Obj\stm32f10x_usart.o
#        E:\Code\Pega_SmartBike\Project\Debug\Obj\stm32f10x_wwdg.o
#        E:\Code\Pega_SmartBike\Project\Debug\Obj\system_stm32f10x.o
#        E:\Code\Pega_SmartBike\Project\Debug\Obj\systick.o
#        E:\Code\Pega_SmartBike\Project\Debug\Obj\uart.o
#        E:\Code\Pega_SmartBike\Project\Debug\Obj\xor.o --no_out_extension -o
#        E:\Code\Pega_SmartBike\Project\Debug\Exe\Pega_SmartBike.out --map
#        E:\Code\Pega_SmartBike\Project\Debug\List\Pega_SmartBike.map --config
#        "C:\Program Files (x86)\IAR Systems\Embedded Workbench
#        8.1\arm\config\linker\ST\stm32f103x8.icf" --semihosting --entry
#        __iar_program_start --vfe --text_out locale)
#
###############################################################################

*******************************************************************************
*** RUNTIME MODEL ATTRIBUTES
***

CppFlavor       = *
__SystemLibrary = DLib
__dlib_version  = 6


*******************************************************************************
*** HEAP SELECTION
***

The basic heap was selected because no calls to memory allocation
functions were found in the application outside of system library
functions, and there are calls to deallocation functions in the
application.


*******************************************************************************
*** PLACEMENT SUMMARY
***

"A0":  place at 0x800'0000 { ro section .intvec };
"P1":  place in [from 0x800'0000 to 0x800'ffff] { ro };
define block CSTACK with size = 2K, alignment = 8 { };
define block HEAP with size = 2K, alignment = 8 { };
"P2":  place in [from 0x2000'0000 to 0x2000'4fff] {
          rw, block CSTACK, block HEAP };
initialize by copy { rw };

  Section            Kind         Address   Size  Object
  -------            ----         -------   ----  ------
"A0":                                       0xec
  .intvec            ro code   0x800'0000   0xec  startup_stm32f10x_md.o [1]
                             - 0x800'00ec   0xec

"P1":                                      0xc40
  .text              ro code   0x800'00ec  0x234  uart.o [1]
  .text              ro code   0x800'0320   0xc0  stm32f10x_gpio.o [1]
  .text              ro code   0x800'03e0   0xe0  stm32f10x_rcc.o [1]
  .text              ro code   0x800'04c0  0x15e  stm32f10x_usart.o [1]
  .text              ro code   0x800'061e   0x3a  zero_init3.o [3]
  .text              ro code   0x800'0658  0x118  system_stm32f10x.o [1]
  .text              ro code   0x800'0770   0xd0  queue.o [1]
  .text              ro code   0x800'0840    0xc  memcpy.o [3]
  .text              ro code   0x800'084c   0xa6  ABImemcpy.o [3]
  .text              ro code   0x800'08f4   0x8c  BT966.o [1]
  .text              ro code   0x800'0980   0x7c  CH430.o [1]
  .text              ro code   0x800'09fc   0x8c  systick.o [1]
  .text              ro code   0x800'0a88   0x80  misc.o [1]
  .text              ro code   0x800'0b08   0x54  nvic.o [1]
  .text              ro code   0x800'0b5c   0x2c  copy_init3.o [3]
  .text              ro code   0x800'0b88   0x28  data_init.o [3]
  .iar.init_table    const     0x800'0bb0   0x24  - Linker created -
  .text              ro code   0x800'0bd4   0x1e  cmain.o [3]
  .text              ro code   0x800'0bf2    0x4  low_level_init.o [2]
  .text              ro code   0x800'0bf6   0x1c  main.o [1]
  .text              ro code   0x800'0c12    0x4  exit.o [2]
  .text              ro code   0x800'0c18    0xa  cexit.o [3]
  .text              ro code   0x800'0c24   0x14  exit.o [4]
  Initializer bytes  const     0x800'0c38   0x18  <for P2-1>
  .text              ro code   0x800'0c50   0x10  startup_stm32f10x_md.o [1]
  .text              ro code   0x800'0c60    0xc  cstartup_M.o [3]
  .text              ro code   0x800'0c6c    0x4  startup_stm32f10x_md.o [1]
  .text              ro code   0x800'0c70    0x4  startup_stm32f10x_md.o [1]
  .text              ro code   0x800'0c74    0x4  startup_stm32f10x_md.o [1]
  .text              ro code   0x800'0c78    0x4  startup_stm32f10x_md.o [1]
  .text              ro code   0x800'0c7c    0x4  startup_stm32f10x_md.o [1]
  .text              ro code   0x800'0c80    0x4  startup_stm32f10x_md.o [1]
  .text              ro code   0x800'0c84    0x4  startup_stm32f10x_md.o [1]
  .text              ro code   0x800'0c88    0x4  startup_stm32f10x_md.o [1]
  .text              ro code   0x800'0c8c    0x4  startup_stm32f10x_md.o [1]
  .text              ro code   0x800'0c90    0x4  startup_stm32f10x_md.o [1]
  .text              ro code   0x800'0c94    0x4  startup_stm32f10x_md.o [1]
  .text              ro code   0x800'0c98    0x4  startup_stm32f10x_md.o [1]
  .text              ro code   0x800'0c9c    0x4  startup_stm32f10x_md.o [1]
  .text              ro code   0x800'0ca0    0x4  startup_stm32f10x_md.o [1]
  .text              ro code   0x800'0ca4    0x4  startup_stm32f10x_md.o [1]
  .text              ro code   0x800'0ca8    0x4  startup_stm32f10x_md.o [1]
  .text              ro code   0x800'0cac    0x4  startup_stm32f10x_md.o [1]
  .text              ro code   0x800'0cb0    0x4  startup_stm32f10x_md.o [1]
  .text              ro code   0x800'0cb4    0x4  startup_stm32f10x_md.o [1]
  .text              ro code   0x800'0cb8    0x4  startup_stm32f10x_md.o [1]
  .text              ro code   0x800'0cbc    0x4  startup_stm32f10x_md.o [1]
  .text              ro code   0x800'0cc0    0x4  startup_stm32f10x_md.o [1]
  .text              ro code   0x800'0cc4    0x4  startup_stm32f10x_md.o [1]
  .text              ro code   0x800'0cc8    0x4  startup_stm32f10x_md.o [1]
  .text              ro code   0x800'0ccc    0x4  startup_stm32f10x_md.o [1]
  .text              ro code   0x800'0cd0    0x4  startup_stm32f10x_md.o [1]
  .text              ro code   0x800'0cd4    0x4  startup_stm32f10x_md.o [1]
  .text              ro code   0x800'0cd8    0x4  startup_stm32f10x_md.o [1]
  .text              ro code   0x800'0cdc    0x4  startup_stm32f10x_md.o [1]
  .text              ro code   0x800'0ce0    0x4  startup_stm32f10x_md.o [1]
  .text              ro code   0x800'0ce4    0x4  startup_stm32f10x_md.o [1]
  .text              ro code   0x800'0ce8    0x4  startup_stm32f10x_md.o [1]
  .text              ro code   0x800'0cec    0x4  startup_stm32f10x_md.o [1]
  .text              ro code   0x800'0cf0    0x4  startup_stm32f10x_md.o [1]
  .text              ro code   0x800'0cf4    0x4  startup_stm32f10x_md.o [1]
  .text              ro code   0x800'0cf8    0x4  startup_stm32f10x_md.o [1]
  .text              ro code   0x800'0cfc    0x4  startup_stm32f10x_md.o [1]
  .text              ro code   0x800'0d00    0x4  startup_stm32f10x_md.o [1]
  .text              ro code   0x800'0d04    0x4  startup_stm32f10x_md.o [1]
  .text              ro code   0x800'0d08    0x4  startup_stm32f10x_md.o [1]
  .text              ro code   0x800'0d0c    0x4  startup_stm32f10x_md.o [1]
  .text              ro code   0x800'0d10    0x4  startup_stm32f10x_md.o [1]
  .text              ro code   0x800'0d14    0x4  startup_stm32f10x_md.o [1]
  .text              ro code   0x800'0d18    0x4  startup_stm32f10x_md.o [1]
  .text              ro code   0x800'0d1c    0x4  startup_stm32f10x_md.o [1]
  .text              ro code   0x800'0d20    0x4  startup_stm32f10x_md.o [1]
  .text              ro code   0x800'0d24    0x4  startup_stm32f10x_md.o [1]
  .text              ro code   0x800'0d28    0x4  startup_stm32f10x_md.o [1]
  .rodata            const     0x800'0d2c    0x0  zero_init3.o [3]
  .rodata            const     0x800'0d2c    0x0  copy_init3.o [3]
                             - 0x800'0d2c  0xc40

"P2", part 1 of 3:                          0x18
  P2-1                        0x2000'0000   0x18  <Init block>
    .data            inited   0x2000'0000   0x10  stm32f10x_rcc.o [1]
    .data            inited   0x2000'0010    0x4  stm32f10x_rcc.o [1]
    .data            inited   0x2000'0014    0x4  system_stm32f10x.o [1]
                            - 0x2000'0018   0x18

"P2", part 2 of 3:                          0x98
  .bss               zero     0x2000'0018   0x34  BT966.o [1]
  .bss               zero     0x2000'004c   0x34  BT966.o [1]
  .bss               zero     0x2000'0080    0xc  BT966.o [1]
  .bss               zero     0x2000'008c    0xc  CH430.o [1]
  .bss               zero     0x2000'0098    0x4  systick.o [1]
  .bss               zero     0x2000'009c    0x4  uart.o [1]
  .bss               zero     0x2000'00a0    0x4  uart.o [1]
  .bss               zero     0x2000'00a4    0x4  uart.o [1]
  .bss               zero     0x2000'00a8    0x2  CH430.o [1]
  .bss               zero     0x2000'00aa    0x2  CH430.o [1]
  .bss               zero     0x2000'00ac    0x1  BT966.o [1]
  .bss               zero     0x2000'00ad    0x1  CH430.o [1]
                            - 0x2000'00ae   0x96

"P2", part 3 of 3:                         0x800
  CSTACK                      0x2000'00b0  0x800  <Block>
    CSTACK           uninit   0x2000'00b0  0x800  <Block tail>
                            - 0x2000'08b0  0x800

Unused ranges:

         From           To    Size
         ----           --    ----
   0x800'0d2c   0x800'ffff  0xf2d4
  0x2000'08b0  0x2000'4fff  0x4750


*******************************************************************************
*** INIT TABLE
***

          Address      Size
          -------      ----
Zero (__iar_zero_init3)
    1 destination range, total size 0x96:
          0x2000'0018  0x96

Copy (__iar_copy_init3)
    1 source range, total size 0x18:
           0x800'0c38  0x18
    1 destination range, total size 0x18:
          0x2000'0000  0x18



*******************************************************************************
*** MODULE SUMMARY
***

    Module                  ro code  ro data  rw data
    ------                  -------  -------  -------
command line/config:
    -------------------------------------------------
    Total:

E:\Code\Pega_SmartBike\Project\Debug\Obj: [1]
    BT966.o                     140               117
    CH430.o                     124                17
    main.o                       28
    misc.o                      128
    nvic.o                       84
    queue.o                     208
    startup_stm32f10x_md.o      444
    stm32f10x_gpio.o            192
    stm32f10x_rcc.o             224       20       20
    stm32f10x_usart.o           350
    system_stm32f10x.o          280        4        4
    systick.o                   140                 4
    uart.o                      564                12
    -------------------------------------------------
    Total:                    2 906       24      174

dl7M_tln.a: [2]
    exit.o                        4
    low_level_init.o              4
    -------------------------------------------------
    Total:                        8

rt7M_tl.a: [3]
    ABImemcpy.o                 166
    cexit.o                      10
    cmain.o                      30
    copy_init3.o                 44
    cstartup_M.o                 12
    data_init.o                  40
    memcpy.o                     12
    zero_init3.o                 58
    -------------------------------------------------
    Total:                      372

shb_l.a: [4]
    exit.o                       20
    -------------------------------------------------
    Total:                       20

    Gaps                          6
    Linker created                        36    2 048
-----------------------------------------------------
    Grand Total:              3 312       60    2 222


*******************************************************************************
*** ENTRY LIST
***

Entry                       Address  Size  Type      Object
-----                       -------  ----  ----      ------
.iar.init_table$$Base    0x800'0bb0         --   Gb  - Linker created -
.iar.init_table$$Limit   0x800'0bd4         --   Gb  - Linker created -
?main                    0x800'0bd5        Code  Gb  cmain.o [3]
ADCPrescTable           0x2000'0010   0x4  Data  Lc  stm32f10x_rcc.o [1]
APBAHBPrescTable        0x2000'0000  0x10  Data  Lc  stm32f10x_rcc.o [1]
BT966CommandBuff        0x2000'0018  0x34  Data  Gb  BT966.o [1]
BT966CommandQueue       0x2000'0080   0xc  Data  Gb  BT966.o [1]
BT966_CallBackHandle     0x800'0925  0x28  Code  Gb  BT966.o [1]
BT966_CallBackHandle::revBuff
                        0x2000'004c  0x34  Data  Lc  BT966.o [1]
BT966_CallBackHandle::revByteCount
                        0x2000'00ac   0x1  Data  Lc  BT966.o [1]
BT966_Init               0x800'08f5  0x30  Code  Gb  BT966.o [1]
BT966_Proc               0x800'094d  0x20  Code  Gb  BT966.o [1]
CH430CommandBuff        0x2000'00a8   0x2  Data  Gb  CH430.o [1]
CH430CommandQueue       0x2000'008c   0xc  Data  Gb  CH430.o [1]
CH430_CallBackHandle     0x800'09b1  0x28  Code  Gb  CH430.o [1]
CH430_CallBackHandle::revBuff
                        0x2000'00aa   0x2  Data  Lc  CH430.o [1]
CH430_CallBackHandle::revByteCount
                        0x2000'00ad   0x1  Data  Lc  CH430.o [1]
CH430_Init               0x800'0981  0x30  Code  Gb  CH430.o [1]
CH430_Send               0x800'09d9  0x10  Code  Gb  CH430.o [1]
CSTACK$$Base            0x2000'00b0         --   Gb  - Linker created -
CSTACK$$Limit           0x2000'08b0         --   Gb  - Linker created -
GPIO_Init                0x800'0321  0xc0  Code  Gb  stm32f10x_gpio.o [1]
NVIC_Config_Init         0x800'0b09  0x54  Code  Gb  nvic.o [1]
NVIC_Init                0x800'0a93  0x60  Code  Gb  misc.o [1]
NVIC_PriorityGroupConfig
                         0x800'0a89   0xa  Code  Gb  misc.o [1]
NVIC_SetPriority         0x800'09fd  0x24  Code  Lc  systick.o [1]
QUEUE_Count              0x800'083d   0x4  Code  Gb  queue.o [1]
QUEUE_Empty              0x800'082f   0xe  Code  Gb  queue.o [1]
QUEUE_Get                0x800'07eb  0x44  Code  Gb  queue.o [1]
QUEUE_Init               0x800'0771  0x18  Code  Gb  queue.o [1]
QUEUE_Push               0x800'0789  0x62  Code  Gb  queue.o [1]
RCC_APB2PeriphClockCmd   0x800'048d  0x1c  Code  Gb  stm32f10x_rcc.o [1]
RCC_GetClocksFreq        0x800'03e1  0xac  Code  Gb  stm32f10x_rcc.o [1]
Region$$Table$$Base      0x800'0bb0         --   Gb  - Linker created -
Region$$Table$$Limit     0x800'0bd4         --   Gb  - Linker created -
SYSTICK_Init             0x800'0a4f  0x14  Code  Gb  systick.o [1]
SetSysClock              0x800'069d   0x8  Code  Lc  system_stm32f10x.o [1]
SetSysClockTo72          0x800'06a5  0xae  Code  Lc  system_stm32f10x.o [1]
SysTick_Config           0x800'0a21  0x2e  Code  Lc  systick.o [1]
SysTick_Handler          0x800'0a63   0xa  Code  Gb  systick.o [1]
SystemCoreClock         0x2000'0014   0x4  Data  Gb  system_stm32f10x.o [1]
SystemInit               0x800'0659  0x44  Code  Gb  system_stm32f10x.o [1]
UART_CallBackInit        0x800'0257  0x24  Code  Gb  uart.o [1]
UART_ClockInit           0x800'019f  0x68  Code  Gb  uart.o [1]
UART_GetData             0x800'0307  0x1a  Code  Gb  uart.o [1]
UART_Init                0x800'0207  0x50  Code  Gb  uart.o [1]
UART_PinInit             0x800'00ed  0xb2  Code  Gb  uart.o [1]
UART_SendData            0x800'02d1  0x36  Code  Gb  uart.o [1]
USART1_IRQHandler        0x800'027b  0x12  Code  Gb  uart.o [1]
USART2_IRQHandler        0x800'028d  0x12  Code  Gb  uart.o [1]
USART3_IRQHandler        0x800'029f  0x12  Code  Gb  uart.o [1]
USART_Cmd                0x800'0585  0x1c  Code  Gb  stm32f10x_usart.o [1]
USART_GetFlagStatus      0x800'0605  0x1a  Code  Gb  stm32f10x_usart.o [1]
USART_ITConfig           0x800'05a1  0x54  Code  Gb  stm32f10x_usart.o [1]
USART_Init               0x800'04c1  0xbc  Code  Gb  stm32f10x_usart.o [1]
USART_ReceiveData        0x800'05fd   0x8  Code  Gb  stm32f10x_usart.o [1]
USART_SendData           0x800'05f5   0x8  Code  Gb  stm32f10x_usart.o [1]
__aeabi_memcpy           0x800'084d        Code  Gb  ABImemcpy.o [3]
__aeabi_memcpy4          0x800'086d        Code  Gb  ABImemcpy.o [3]
__aeabi_memcpy8          0x800'086d        Code  Gb  ABImemcpy.o [3]
__cmain                  0x800'0bd5        Code  Gb  cmain.o [3]
__exit                   0x800'0c25  0x14  Code  Gb  exit.o [4]
__iar_copy_init3         0x800'0b5d  0x2c  Code  Gb  copy_init3.o [3]
__iar_data_init3         0x800'0b89  0x28  Code  Gb  data_init.o [3]
__iar_program_start      0x800'0c61        Code  Gb  cstartup_M.o [3]
__iar_zero_init3         0x800'061f  0x3a  Code  Gb  zero_init3.o [3]
__low_level_init         0x800'0bf3   0x4  Code  Gb  low_level_init.o [2]
__vector_table           0x800'0000        Data  Gb  startup_stm32f10x_md.o [1]
_call_main               0x800'0be1        Code  Gb  cmain.o [3]
_exit                    0x800'0c19        Code  Gb  cexit.o [3]
_main                    0x800'0bef        Code  Gb  cmain.o [3]
exit                     0x800'0c13   0x4  Code  Gb  exit.o [2]
main                     0x800'0bf7  0x1c  Code  Gb  main.o [1]
memcpy                   0x800'0841   0xc  Code  Gb  memcpy.o [3]
tick                    0x2000'0098   0x4  Data  Lc  systick.o [1]
type_Uart1CallBackFunc  0x2000'009c   0x4  Data  Gb  uart.o [1]
type_Uart2CallBackFunc  0x2000'00a0   0x4  Data  Gb  uart.o [1]
type_Uart3CallBackFunc  0x2000'00a4   0x4  Data  Gb  uart.o [1]


[1] = E:\Code\Pega_SmartBike\Project\Debug\Obj
[2] = dl7M_tln.a
[3] = rt7M_tl.a
[4] = shb_l.a

  3 312 bytes of readonly  code memory
     60 bytes of readonly  data memory
  2 222 bytes of readwrite data memory

Errors: none
Warnings: none
